// Jest Snapshot v1, https://goo.gl/fbAQLP

exports[`<Spacer> should render spacer - default size 1`] = `
<View
  style={
    Object {
      "height": 18,
      "width": 18,
    }
  }
/>
`;
